[1m[31m[31mX [41;31m[[41;97mERROR[41;31m][0m [1mTS2341: Property 'english' is private and only accessible within class 'BusinessWorkspacePage'.[0m [1m[35m[plugin angular-compiler][0m

    src/app/features/operations/business-workspace/business-workspace.page.ts:377:31:
[37m      377 │                     [english]="[32menglish[37m"
          ╵                                [32m~~~~~~~[0m


[31mX [41;31m[[41;97mERROR[41;31m][0m [1mNG8004: No pipe found with name 'number'.
To fix this, import the "DecimalPipe" class from "@angular/common" and add it to the "imports" array of the component.[0m [1m[35m[plugin angular-compiler][0m

    src/app/features/operations/business-workspace/report-visualization.component.ts:129:48:
[37m      129 │ ...                  <b>{{ segment.percent | [32mnumber[37m: '1.0-0' }}%</b>
          ╵                                              [32m~~~~~~[0m

[39m[22m
[1m[31m[31mX [41;31m[[41;97mERROR[41;31m][0m [1mTS2341: Property 'english' is private and only accessible within class 'BusinessWorkspacePage'.[0m [1m[35m[plugin angular-compiler][0m

    src/app/features/operations/business-workspace/business-workspace.page.ts:377:31:
[37m      377 │                     [english]="[32menglish[37m"
          ╵                                [32m~~~~~~~[0m

[39m[22m
[1m[31m[31mX [41;31m[[41;97mERROR[41;31m][0m [1mTS2341: Property 'english' is private and only accessible within class 'BusinessWorkspacePage'.[0m [1m[35m[plugin angular-compiler][0m

    src/app/features/operations/business-workspace/business-workspace.page.ts:377:31:
[37m      377 │                     [english]="[32menglish[37m"
          ╵                                [32m~~~~~~~[0m

[39m[22m
[1m[31m[31mX [41;31m[[41;97mERROR[41;31m][0m [1mTS2307: Cannot find module '../data-access/dashboard.store' or its corresponding type declarations.[0m [1m[35m[plugin angular-compiler][0m

    src/app/features/dashboard/pages/dashboard.page.ts:9:31:
[37m      9 │ import { DashboardStore } from [32m'../data-access/dashboard.store'[37m;
        ╵                                [32m~~~~~~~~~~~~~~~~~~~~~~~~~~~~~~~~[0m


[31mX [41;31m[[41;97mERROR[41;31m][0m [1mTS2571: Object is of type 'unknown'.[0m [1m[35m[plugin angular-compiler][0m

    src/app/features/dashboard/pages/dashboard.page.ts:37:27:
[37m      37 │           (pressed)="store.[32mload[37m()"
         ╵                            [32m~~~~[0m


[31mX [41;31m[[41;97mERROR[41;31m][0m [1mTS2571: Object is of type 'unknown'.[0m [1m[35m[plugin angular-compiler][0m

    src/app/features/dashboard/pages/dashboard.page.ts:41:17:
[37m      41 │       @if (store.[32mloading[37m()) {
         ╵                  [32m~~~~~~~[0m


[31mX [41;31m[[41;97mERROR[41;31m][0m [1mTS2571: Object is of type 'unknown'.[0m [1m[35m[plugin angular-compiler][0m

    src/app/features/dashboard/pages/dashboard.page.ts:49:24:
[37m      49 │       } @else if (store.[32merror[37m()) {
         ╵                         [32m~~~~~[0m


[31mX [41;31m[[41;97mERROR[41;31m][0m [1mTS2571: Object is of type 'unknown'.[0m [1m[35m[plugin angular-compiler][0m

    src/app/features/dashboard/pages/dashboard.page.ts:52:27:
[37m      52 │           [message]="store.[32merror[37m()!.message"
         ╵                            [32m~~~~~[0m


[31mX [41;31m[[41;97mERROR[41;31m][0m [1mTS2571: Object is of type 'unknown'.[0m [1m[35m[plugin angular-compiler][0m

    src/app/features/dashboard/pages/dashboard.page.ts:54:33:
[37m      54 │           [correlationId]="store.[32merror[37m()!.correlationId"
         ╵                                  [32m~~~~~[0m


[31mX [41;31m[[41;97mERROR[41;31m][0m [1mTS2571: Object is of type 'unknown'.[0m [1m[35m[plugin angular-compiler][0m

    src/app/features/dashboard/pages/dashboard.page.ts:55:31:
[37m      55 │           [operationId]="store.[32merror[37m()!.operationId"
         ╵                                [32m~~~~~[0m


[31mX [41;31m[[41;97mERROR[41;31m][0m [1mTS2571: Object is of type 'unknown'.[0m [1m[35m[plugin angular-compiler][0m

    src/app/features/dashboard/pages/dashboard.page.ts:57:26:
[37m      57 │           (action)="store.[32mload[37m()"
         ╵                           [32m~~~~[0m


[31mX [41;31m[[41;97mERROR[41;31m][0m [1mTS2571: Object is of type 'unknown'.[0m [1m[35m[plugin angular-compiler][0m

    src/app/features/dashboard/pages/dashboard.page.ts:59:24:
[37m      59 │       } @else if (store.[32mmetrics[37m().length === 0) {
         ╵                         [32m~~~~~~~[0m


[31mX [41;31m[[41;97mERROR[41;31m][0m [1mTS2571: Object is of type 'unknown'.[0m [1m[35m[plugin angular-compiler][0m

    src/app/features/dashboard/pages/dashboard.page.ts:69:32:
[37m      69 │           @for (metric of store.[32mmetrics[37m(); track metric.key) {
         ╵                                 [32m~~~~~~~[0m


[31mX [41;31m[[41;97mERROR[41;31m][0m [1mTS2571: Object is of type 'unknown'.[0m [1m[35m[plugin angular-compiler][0m

    src/app/features/dashboard/pages/dashboard.page.ts:179:4:
[37m      179 │     [32mthis.store[37m.load();
          ╵     [32m~~~~~~~~~~[0m


[31mX [41;31m[[41;97mERROR[41;31m][0m [1mCould not resolve "../data-access/dashboard.store"[0m

    src/app/features/dashboard/pages/dashboard.page.ts:9:31:
[37m      9 │ import { DashboardStore } from [32m'../data-access/dashboard.store'[37m;
        ╵                                [32m~~~~~~~~~~~~~~~~~~~~~~~~~~~~~~~~[0m

[39m[22m
[1m[31m[31mX [41;31m[[41;97mERROR[41;31m][0m [1mTS2307: Cannot find module '../data-access/dashboard.store' or its corresponding type declarations.[0m [1m[35m[plugin angular-compiler][0m

    src/app/features/dashboard/pages/dashboard.page.ts:9:31:
[37m      9 │ import { DashboardStore } from [32m'../data-access/dashboard.store'[37m;
        ╵                                [32m~~~~~~~~~~~~~~~~~~~~~~~~~~~~~~~~[0m


[31mX [41;31m[[41;97mERROR[41;31m][0m [1mTS2571: Object is of type 'unknown'.[0m [1m[35m[plugin angular-compiler][0m

    src/app/features/dashboard/pages/dashboard.page.ts:37:27:
[37m      37 │           (pressed)="store.[32mload[37m()"
         ╵                            [32m~~~~[0m


[31mX [41;31m[[41;97mERROR[41;31m][0m [1mTS2571: Object is of type 'unknown'.[0m [1m[35m[plugin angular-compiler][0m

    src/app/features/dashboard/pages/dashboard.page.ts:41:17:
[37m      41 │       @if (store.[32mloading[37m()) {
         ╵                  [32m~~~~~~~[0m


[31mX [41;31m[[41;97mERROR[41;31m][0m [1mTS2571: Object is of type 'unknown'.[0m [1m[35m[plugin angular-compiler][0m

    src/app/features/dashboard/pages/dashboard.page.ts:49:24:
[37m      49 │       } @else if (store.[32merror[37m()) {
         ╵                         [32m~~~~~[0m


[31mX [41;31m[[41;97mERROR[41;31m][0m [1mTS2571: Object is of type 'unknown'.[0m [1m[35m[plugin angular-compiler][0m

    src/app/features/dashboard/pages/dashboard.page.ts:52:27:
[37m      52 │           [message]="store.[32merror[37m()!.message"
         ╵                            [32m~~~~~[0m


[31mX [41;31m[[41;97mERROR[41;31m][0m [1mTS2571: Object is of type 'unknown'.[0m [1m[35m[plugin angular-compiler][0m

    src/app/features/dashboard/pages/dashboard.page.ts:54:33:
[37m      54 │           [correlationId]="store.[32merror[37m()!.correlationId"
         ╵                                  [32m~~~~~[0m


[31mX [41;31m[[41;97mERROR[41;31m][0m [1mTS2571: Object is of type 'unknown'.[0m [1m[35m[plugin angular-compiler][0m

    src/app/features/dashboard/pages/dashboard.page.ts:55:31:
[37m      55 │           [operationId]="store.[32merror[37m()!.operationId"
         ╵                                [32m~~~~~[0m


[31mX [41;31m[[41;97mERROR[41;31m][0m [1mTS2571: Object is of type 'unknown'.[0m [1m[35m[plugin angular-compiler][0m

    src/app/features/dashboard/pages/dashboard.page.ts:57:26:
[37m      57 │           (action)="store.[32mload[37m()"
         ╵                           [32m~~~~[0m


[31mX [41;31m[[41;97mERROR[41;31m][0m [1mTS2571: Object is of type 'unknown'.[0m [1m[35m[plugin angular-compiler][0m

    src/app/features/dashboard/pages/dashboard.page.ts:59:24:
[37m      59 │       } @else if (store.[32mmetrics[37m().length === 0) {
         ╵                         [32m~~~~~~~[0m


[31mX [41;31m[[41;97mERROR[41;31m][0m [1mTS2571: Object is of type 'unknown'.[0m [1m[35m[plugin angular-compiler][0m

    src/app/features/dashboard/pages/dashboard.page.ts:69:32:
[37m      69 │           @for (metric of store.[32mmetrics[37m(); track metric.key) {
         ╵                                 [32m~~~~~~~[0m


[31mX [41;31m[[41;97mERROR[41;31m][0m [1mTS2571: Object is of type 'unknown'.[0m [1m[35m[plugin angular-compiler][0m

    src/app/features/dashboard/pages/dashboard.page.ts:179:4:
[37m      179 │     [32mthis.store[37m.load();
          ╵     [32m~~~~~~~~~~[0m


[31mX [41;31m[[41;97mERROR[41;31m][0m [1mCould not resolve "../data-access/dashboard.store"[0m

    src/app/features/dashboard/pages/dashboard.page.ts:9:31:
[37m      9 │ import { DashboardStore } from [32m'../data-access/dashboard.store'[37m;
        ╵                                [32m~~~~~~~~~~~~~~~~~~~~~~~~~~~~~~~~[0m

[39m[22m
[1m[31m[31mX [41;31m[[41;97mERROR[41;31m][0m [1mTS2307: Cannot find module './pages/dashboard.page' or its corresponding type declarations.[0m [1m[35m[plugin angular-compiler][0m

    src/app/features/dashboard/dashboard.routes.ts:6:32:
[37m      6 │ ...onent: () => import([32m'./pages/dashboard.page'[37m).then((m) => m.Dash...
        ╵                        [32m~~~~~~~~~~~~~~~~~~~~~~~~[0m


[31mX [41;31m[[41;97mERROR[41;31m][0m [1mCould not resolve "./pages/dashboard.page"[0m

    src/app/features/dashboard/dashboard.routes.ts:4:36:
[37m      4 │ ...onent: () => import([32m'./pages/dashboard.page'[37m).then((m) => m.Dash...
        ╵                        [32m~~~~~~~~~~~~~~~~~~~~~~~~[0m

[39m[22m
[1m[31m[31mX [41;31m[[41;97mERROR[41;31m][0m [1mTS2307: Cannot find module './pages/dashboard.page' or its corresponding type declarations.[0m [1m[35m[plugin angular-compiler][0m

    src/app/features/dashboard/dashboard.routes.ts:6:32:
[37m      6 │ ...onent: () => import([32m'./pages/dashboard.page'[37m).then((m) => m.Dash...
        ╵                        [32m~~~~~~~~~~~~~~~~~~~~~~~~[0m


[31mX [41;31m[[41;97mERROR[41;31m][0m [1mCould not resolve "./pages/dashboard.page"[0m

    src/app/features/dashboard/dashboard.routes.ts:4:36:
[37m      4 │ ...onent: () => import([32m'./pages/dashboard.page'[37m).then((m) => m.Dash...
        ╵                        [32m~~~~~~~~~~~~~~~~~~~~~~~~[0m

[39m[22m
[1m[31m[31mX [41;31m[[41;97mERROR[41;31m][0m [1mTS2307: Cannot find module './pages/dashboard.page' or its corresponding type declarations.[0m [1m[35m[plugin angular-compiler][0m

    src/app/features/dashboard/dashboard.routes.ts:6:32:
[37m      6 │ ...onent: () => import([32m'./pages/dashboard.page'[37m).then((m) => m.Dash...
        ╵                        [32m~~~~~~~~~~~~~~~~~~~~~~~~[0m


[31mX [41;31m[[41;97mERROR[41;31m][0m [1mCould not resolve "./pages/dashboard.page"[0m

    src/app/features/dashboard/dashboard.routes.ts:4:36:
[37m      4 │ ...onent: () => import([32m'./pages/dashboard.page'[37m).then((m) => m.Dash...
        ╵                        [32m~~~~~~~~~~~~~~~~~~~~~~~~[0m

[39m[22m
[1m[31m[31mX [41;31m[[41;97mERROR[41;31m][0m [1mTS2307: Cannot find module './pages/dashboard.page' or its corresponding type declarations.[0m [1m[35m[plugin angular-compiler][0m

    src/app/features/dashboard/dashboard.routes.ts:6:32:
[37m      6 │ ...onent: () => import([32m'./pages/dashboard.page'[37m).then((m) => m.Dash...
        ╵                        [32m~~~~~~~~~~~~~~~~~~~~~~~~[0m


[31mX [41;31m[[41;97mERROR[41;31m][0m [1mCould not resolve "./pages/dashboard.page"[0m

    src/app/features/dashboard/dashboard.routes.ts:4:36:
[37m      4 │ ...onent: () => import([32m'./pages/dashboard.page'[37m).then((m) => m.Dash...
        ╵                        [32m~~~~~~~~~~~~~~~~~~~~~~~~[0m

[39m[22m
