
> distribuidora-web@0.0.0 start
> ng serve --o --host 127.0.0.1

[33m>[39m Building...
[32m√[39m Building...
[1mInitial chunk files[22m[2m | [22m[1mNames[22m                     [2m | [22m [1mRaw size[22m
[32mchunk-T6OFEHOG.js[39m  [2m | [22m[2m-[22m                         [2m | [22m [36m27.41 kB[39m[2m | [22m
[32mchunk-JKBTHM2A.js[39m  [2m | [22m[2m-[22m                         [2m | [22m [36m27.18 kB[39m[2m | [22m
[32mmain.js[39m            [2m | [22m[2mmain[22m                      [2m | [22m [36m11.46 kB[39m[2m | [22m
[32mstyles.css[39m         [2m | [22m[2mstyles[22m                    [2m | [22m [36m11.43 kB[39m[2m | [22m
[32mchunk-OJMZLO4T.js[39m  [2m | [22m[2m-[22m                         [2m | [22m  [36m2.38 kB[39m[2m | [22m
[32mchunk-VUJOFXKG.js[39m  [2m | [22m[2m-[22m                         [2m | [22m[36m938 bytes[39m[2m | [22m

[1m [22m                  [2m | [22m[1mInitial total[22m             [2m | [22m [1m80.79 kB[22m

[1mLazy chunk files[22m   [2m | [22m[1mNames[22m                     [2m | [22m [1mRaw size[22m
[32mchunk-UYZVJHJX.js[39m  [2m | [22m[2mcounter-sales-page[22m        [2m | [22m[36m271.04 kB[39m[2m | [22m
[32mchunk-O4YMYJIB.js[39m  [2m | [22m[2moperations-routes[22m         [2m | [22m[36m164.69 kB[39m[2m | [22m
[32mchunk-XPYBSGGK.js[39m  [2m | [22m[2mpayment-terminals-page[22m    [2m | [22m [36m50.34 kB[39m[2m | [22m
[32mchunk-2LLQIU46.js[39m  [2m | [22m[2mcustomers-page[22m            [2m | [22m [36m41.76 kB[39m[2m | [22m
[32mchunk-LJXRF66Y.js[39m  [2m | [22m[2m-[22m                         [2m | [22m [36m36.87 kB[39m[2m | [22m
[32mchunk-SWYEGHO6.js[39m  [2m | [22m[2mentity-manager-page[22m       [2m | [22m [36m35.75 kB[39m[2m | [22m
[32mchunk-BRECFGIO.js[39m  [2m | [22m[2mapp-shell-component[22m       [2m | [22m [36m21.84 kB[39m[2m | [22m
[32mchunk-IJC7OM2C.js[39m  [2m | [22m[2m-[22m                         [2m | [22m [36m21.23 kB[39m[2m | [22m
[32mchunk-4DL6YRS7.js[39m  [2m | [22m[2mdashboard-page[22m            [2m | [22m [36m20.78 kB[39m[2m | [22m
[32mchunk-4SU3S7LZ.js[39m  [2m | [22m[2mlogin-page[22m                [2m | [22m [36m18.57 kB[39m[2m | [22m
[32mchunk-XRINDE5Q.js[39m  [2m | [22m[2mdesign-system-gallery-page[22m[2m | [22m [36m17.82 kB[39m[2m | [22m
[32mchunk-XMLOTPOE.js[39m  [2m | [22m[2m-[22m                         [2m | [22m [36m14.51 kB[39m[2m | [22m
[32mchunk-RGQETAAF.js[39m  [2m | [22m[2mmasters-hub-page[22m          [2m | [22m  [36m8.39 kB[39m[2m | [22m
[32mchunk-HS5U5H25.js[39m  [2m | [22m[2m-[22m                         [2m | [22m  [36m8.20 kB[39m[2m | [22m
[32mchunk-VQCPXY4Z.js[39m  [2m | [22m[2m-[22m                         [2m | [22m  [36m7.68 kB[39m[2m | [22m
[2m...and 12 more lazy chunks files. Use "--verbose" to show all the files.[22m

Application bundle generation complete. [4.525 seconds] - 2026-08-11T05:51:02.898Z

Watch mode enabled. Watching for file changes...
NOTE: Raw file sizes do not reflect development server per-request transformations.
  [32m➜[39m  [1mLocal[22m:   [36mhttp://127.0.0.1:[1m4200[22m/[39m
[33m>[39m Changes detected. Rebuilding...
[32m√[39m Changes detected. Rebuilding...
[1mInitial chunk files[22m[2m | [22m[1mNames[22m              [2m | [22m[1mRaw size[22m
[32mmain.js[39m            [2m | [22m[2mmain[22m               [2m | [22m[36m11.46 kB[39m[2m | [22m

[1mLazy chunk files[22m   [2m | [22m[1mNames[22m              [2m | [22m[1mRaw size[22m
[32mchunk-B3GGYNN5.js[39m  [2m | [22m[2mentity-manager-page[22m[2m | [22m[36m35.86 kB[39m[2m | [22m
[32mchunk-W7WFQTJE.js[39m  [2m | [22m[2mmasters-routes[22m     [2m | [22m [36m3.54 kB[39m[2m | [22m
[32mchunk-6NFBAPOY.js[39m  [2m | [22m[2mproducts-routes[22m    [2m | [22m [36m1.74 kB[39m[2m | [22m
[32mchunk-EHAKQNRB.js[39m  [2m | [22m[2msuppliers-routes[22m   [2m | [22m [36m1.03 kB[39m[2m | [22m

Application bundle generation complete. [2.401 seconds] - 2026-08-11T05:52:42.503Z

Page reload sent to client(s).
[33m>[39m Changes detected. Rebuilding...
[32m√[39m Changes detected. Rebuilding...
[1mInitial chunk files[22m[2m | [22m[1mNames[22m            [2m | [22m [1mRaw size[22m
[32mmain.js[39m            [2m | [22m[2mmain[22m             [2m | [22m [36m11.46 kB[39m[2m | [22m

[1mLazy chunk files[22m   [2m | [22m[1mNames[22m            [2m | [22m [1mRaw size[22m
[32mchunk-MPE4K5JF.js[39m  [2m | [22m[2moperations-routes[22m[2m | [22m[36m164.78 kB[39m[2m | [22m

Application bundle generation complete. [0.554 seconds] - 2026-08-11T05:54:06.311Z

Page reload sent to client(s).
[33m>[39m Changes detected. Rebuilding...
[32m√[39m Changes detected. Rebuilding...
[1mInitial chunk files[22m[2m | [22m[1mNames[22m           [2m | [22m [1mRaw size[22m
[32mmain.js[39m            [2m | [22m[2mmain[22m            [2m | [22m [36m11.46 kB[39m[2m | [22m

[1mLazy chunk files[22m   [2m | [22m[1mNames[22m           [2m | [22m [1mRaw size[22m
[32mchunk-5B4WRC6Q.js[39m  [2m | [22m[2mcustomers-page[22m  [2m | [22m [36m41.77 kB[39m[2m | [22m
[32mchunk-6TOALID3.js[39m  [2m | [22m[2mcustomers-routes[22m[2m | [22m[36m289 bytes[39m[2m | [22m

Application bundle generation complete. [0.496 seconds] - 2026-08-11T05:54:08.470Z

Page reload sent to client(s).
[33m>[39m Changes detected. Rebuilding...
[32m√[39m Changes detected. Rebuilding...
[1mInitial chunk files[22m[2m | [22m[1mNames[22m[2m | [22m[1mRaw size[22m
[32mmain.js[39m            [2m | [22m[2mmain[22m [2m | [22m[36m11.56 kB[39m[2m | [22m

Application bundle generation complete. [0.372 seconds] - 2026-08-11T05:54:09.527Z

Page reload sent to client(s).
[33m>[39m Changes detected. Rebuilding...
[32m√[39m Changes detected. Rebuilding...
[1mInitial chunk files[22m[2m | [22m[1mNames[22m                     [2m | [22m [1mRaw size[22m
[32mchunk-T6OFEHOG.js[39m  [2m | [22m[2m-[22m                         [2m | [22m [36m27.41 kB[39m[2m | [22m
[32mchunk-JKBTHM2A.js[39m  [2m | [22m[2m-[22m                         [2m | [22m [36m27.18 kB[39m[2m | [22m
[32mmain.js[39m            [2m | [22m[2mmain[22m                      [2m | [22m [36m11.56 kB[39m[2m | [22m
[32mstyles.css[39m         [2m | [22m[2mstyles[22m                    [2m | [22m [36m11.43 kB[39m[2m | [22m
[32mchunk-OJMZLO4T.js[39m  [2m | [22m[2m-[22m                         [2m | [22m  [36m2.38 kB[39m[2m | [22m
[32mchunk-VUJOFXKG.js[39m  [2m | [22m[2m-[22m                         [2m | [22m[36m938 bytes[39m[2m | [22m

[1m [22m                  [2m | [22m[1mInitial total[22m             [2m | [22m [1m80.89 kB[22m

[1mLazy chunk files[22m   [2m | [22m[1mNames[22m                     [2m | [22m [1mRaw size[22m
[32mchunk-UYZVJHJX.js[39m  [2m | [22m[2mcounter-sales-page[22m        [2m | [22m[36m271.04 kB[39m[2m | [22m
[32mchunk-MPE4K5JF.js[39m  [2m | [22m[2moperations-routes[22m         [2m | [22m[36m164.78 kB[39m[2m | [22m
[32mchunk-XPYBSGGK.js[39m  [2m | [22m[2mpayment-terminals-page[22m    [2m | [22m [36m50.34 kB[39m[2m | [22m
[32mchunk-5B4WRC6Q.js[39m  [2m | [22m[2mcustomers-page[22m            [2m | [22m [36m41.77 kB[39m[2m | [22m
[32mchunk-LJXRF66Y.js[39m  [2m | [22m[2m-[22m                         [2m | [22m [36m36.87 kB[39m[2m | [22m
[32mchunk-B3GGYNN5.js[39m  [2m | [22m[2mentity-manager-page[22m       [2m | [22m [36m35.86 kB[39m[2m | [22m
[32mchunk-BRECFGIO.js[39m  [2m | [22m[2mapp-shell-component[22m       [2m | [22m [36m21.84 kB[39m[2m | [22m
[32mchunk-IJC7OM2C.js[39m  [2m | [22m[2m-[22m                         [2m | [22m [36m21.23 kB[39m[2m | [22m
[32mchunk-4DL6YRS7.js[39m  [2m | [22m[2mdashboard-page[22m            [2m | [22m [36m20.78 kB[39m[2m | [22m
[32mchunk-4SU3S7LZ.js[39m  [2m | [22m[2mlogin-page[22m                [2m | [22m [36m18.57 kB[39m[2m | [22m
[32mchunk-XRINDE5Q.js[39m  [2m | [22m[2mdesign-system-gallery-page[22m[2m | [22m [36m17.82 kB[39m[2m | [22m
[32mchunk-XMLOTPOE.js[39m  [2m | [22m[2m-[22m                         [2m | [22m [36m14.51 kB[39m[2m | [22m
[32mchunk-RGQETAAF.js[39m  [2m | [22m[2mmasters-hub-page[22m          [2m | [22m  [36m8.39 kB[39m[2m | [22m
[32mchunk-HS5U5H25.js[39m  [2m | [22m[2m-[22m                         [2m | [22m  [36m8.20 kB[39m[2m | [22m
[32mchunk-VQCPXY4Z.js[39m  [2m | [22m[2m-[22m                         [2m | [22m  [36m7.68 kB[39m[2m | [22m
[2m...and 12 more lazy chunks files. Use "--verbose" to show all the files.[22m

Application bundle generation complete. [0.480 seconds] - 2026-08-11T05:54:11.153Z

[33m>[39m Changes detected. Rebuilding...
[32m√[39m Changes detected. Rebuilding...
[1mInitial chunk files[22m[2m | [22m[1mNames[22m         [2m | [22m[1mRaw size[22m
[32mmain.js[39m            [2m | [22m[2mmain[22m          [2m | [22m[36m11.56 kB[39m[2m | [22m

[1mLazy chunk files[22m   [2m | [22m[1mNames[22m         [2m | [22m[1mRaw size[22m
[32mchunk-XQNS6R4Z.js[39m  [2m | [22m[2mmasters-routes[22m[2m | [22m [36m3.53 kB[39m[2m | [22m

Application bundle generation complete. [0.237 seconds] - 2026-08-11T05:56:15.947Z

Page reload sent to client(s).
[33m>[39m Changes detected. Rebuilding...
[32m√[39m Changes detected. Rebuilding...
[1mInitial chunk files[22m[2m | [22m[1mNames[22m                     [2m | [22m [1mRaw size[22m
[32mchunk-OE727UPY.js[39m  [2m | [22m[2m-[22m                         [2m | [22m [36m27.44 kB[39m[2m | [22m
[32mmain.js[39m            [2m | [22m[2mmain[22m                      [2m | [22m [36m11.56 kB[39m[2m | [22m

[1mLazy chunk files[22m   [2m | [22m[1mNames[22m                     [2m | [22m [1mRaw size[22m
[32mchunk-FPDJUCJY.js[39m  [2m | [22m[2mcounter-sales-page[22m        [2m | [22m[36m271.04 kB[39m[2m | [22m
[32mchunk-W4NHETDM.js[39m  [2m | [22m[2moperations-routes[22m         [2m | [22m[36m164.78 kB[39m[2m | [22m
[32mchunk-CRZ3ZPC2.js[39m  [2m | [22m[2mpayment-terminals-page[22m    [2m | [22m [36m50.34 kB[39m[2m | [22m
[32mchunk-ERFJ33RW.js[39m  [2m | [22m[2mcustomers-page[22m            [2m | [22m [36m41.77 kB[39m[2m | [22m
[32mchunk-NDSD722W.js[39m  [2m | [22m[2m-[22m                         [2m | [22m [36m36.87 kB[39m[2m | [22m
[32mchunk-T4ZT2KUR.js[39m  [2m | [22m[2mentity-manager-page[22m       [2m | [22m [36m35.86 kB[39m[2m | [22m
[32mchunk-236JV42X.js[39m  [2m | [22m[2mapp-shell-component[22m       [2m | [22m [36m21.84 kB[39m[2m | [22m
[32mchunk-DDBE2ZJJ.js[39m  [2m | [22m[2m-[22m                         [2m | [22m [36m21.23 kB[39m[2m | [22m
[32mchunk-T4GIS4CM.js[39m  [2m | [22m[2mdashboard-page[22m            [2m | [22m [36m20.78 kB[39m[2m | [22m
[32mchunk-XDI2Q5PJ.js[39m  [2m | [22m[2mlogin-page[22m                [2m | [22m [36m18.57 kB[39m[2m | [22m
[32mchunk-327KQBL3.js[39m  [2m | [22m[2mdesign-system-gallery-page[22m[2m | [22m [36m17.82 kB[39m[2m | [22m
[32mchunk-IWJR2ELW.js[39m  [2m | [22m[2m-[22m                         [2m | [22m [36m14.51 kB[39m[2m | [22m
[32mchunk-MKAKGQ3M.js[39m  [2m | [22m[2mmasters-hub-page[22m          [2m | [22m  [36m8.39 kB[39m[2m | [22m
[32mchunk-UPN7RY7K.js[39m  [2m | [22m[2m-[22m                         [2m | [22m  [36m8.20 kB[39m[2m | [22m
[32mchunk-YDUPBXPK.js[39m  [2m | [22m[2m-[22m                         [2m | [22m  [36m7.68 kB[39m[2m | [22m
[2m...and 7 more lazy chunks files. Use "--verbose" to show all the files.[22m

Application bundle generation complete. [0.285 seconds] - 2026-08-11T05:56:17.074Z

Page reload sent to client(s).
[33m>[39m Changes detected. Rebuilding...
[32m√[39m Changes detected. Rebuilding...
[1mInitial chunk files[22m[2m | [22m[1mNames[22m            [2m | [22m [1mRaw size[22m
[32mmain.js[39m            [2m | [22m[2mmain[22m             [2m | [22m [36m11.56 kB[39m[2m | [22m

[1mLazy chunk files[22m   [2m | [22m[1mNames[22m            [2m | [22m [1mRaw size[22m
[32mchunk-XXDHDDPL.js[39m  [2m | [22m[2moperations-routes[22m[2m | [22m[36m164.80 kB[39m[2m | [22m

Application bundle generation complete. [0.601 seconds] - 2026-08-11T05:56:18.579Z

Page reload sent to client(s).
[33m>[39m Changes detected. Rebuilding...
[32m√[39m Changes detected. Rebuilding...
[1mInitial chunk files[22m[2m | [22m[1mNames[22m                     [2m | [22m[1mRaw size[22m
[32mmain.js[39m            [2m | [22m[2mmain[22m                      [2m | [22m[36m11.56 kB[39m[2m | [22m

[1mLazy chunk files[22m   [2m | [22m[1mNames[22m                     [2m | [22m[1mRaw size[22m
[32mchunk-KPEE6STC.js[39m  [2m | [22m[2mdesign-system-gallery-page[22m[2m | [22m[36m21.54 kB[39m[2m | [22m

Application bundle generation complete. [0.423 seconds] - 2026-08-11T05:57:03.141Z

Page reload sent to client(s).
[33m>[39m Changes detected. Rebuilding...
[32m√[39m Changes detected. Rebuilding...
[1mInitial chunk files[22m[2m | [22m[1mNames[22m                     [2m | [22m[1mRaw size[22m
[32mmain.js[39m            [2m | [22m[2mmain[22m                      [2m | [22m[36m11.56 kB[39m[2m | [22m

[1mLazy chunk files[22m   [2m | [22m[1mNames[22m                     [2m | [22m[1mRaw size[22m
[32mchunk-Q3GBRBOP.js[39m  [2m | [22m[2mdesign-system-gallery-page[22m[2m | [22m[36m21.51 kB[39m[2m | [22m

Application bundle generation complete. [0.444 seconds] - 2026-08-11T05:57:10.275Z

Component update sent to client(s).
[33m>[39m Changes detected. Rebuilding...
[32m√[39m Changes detected. Rebuilding...
Application bundle generation failed. [1.078 seconds] - 2026-08-11T06:09:41.463Z

[33m>[39m Changes detected. Rebuilding...
[32m√[39m Changes detected. Rebuilding...
Application bundle generation failed. [0.690 seconds] - 2026-08-11T06:09:49.030Z

[33m>[39m Changes detected. Rebuilding...
[32m√[39m Changes detected. Rebuilding...
Application bundle generation failed. [0.706 seconds] - 2026-08-11T06:09:55.212Z

[33m>[39m Changes detected. Rebuilding...
[32m√[39m Changes detected. Rebuilding...
[1mInitial chunk files[22m[2m | [22m[1mNames[22m                     [2m | [22m [1mRaw size[22m
[32mchunk-OE727UPY.js[39m  [2m | [22m[2m-[22m                         [2m | [22m [36m27.44 kB[39m[2m | [22m
[32mchunk-JKBTHM2A.js[39m  [2m | [22m[2m-[22m                         [2m | [22m [36m27.18 kB[39m[2m | [22m
[32mmain.js[39m            [2m | [22m[2mmain[22m                      [2m | [22m [36m11.56 kB[39m[2m | [22m
[32mstyles.css[39m         [2m | [22m[2mstyles[22m                    [2m | [22m [36m11.43 kB[39m[2m | [22m
[32mchunk-OJMZLO4T.js[39m  [2m | [22m[2m-[22m                         [2m | [22m  [36m2.38 kB[39m[2m | [22m
[32mchunk-VUJOFXKG.js[39m  [2m | [22m[2m-[22m                         [2m | [22m[36m938 bytes[39m[2m | [22m

[1m [22m                  [2m | [22m[1mInitial total[22m             [2m | [22m [1m80.92 kB[22m

[1mLazy chunk files[22m   [2m | [22m[1mNames[22m                     [2m | [22m [1mRaw size[22m
[32mchunk-FPDJUCJY.js[39m  [2m | [22m[2mcounter-sales-page[22m        [2m | [22m[36m271.04 kB[39m[2m | [22m
[32mchunk-6KCFYO7J.js[39m  [2m | [22m[2moperations-routes[22m         [2m | [22m[36m223.64 kB[39m[2m | [22m
[32mchunk-CRZ3ZPC2.js[39m  [2m | [22m[2mpayment-terminals-page[22m    [2m | [22m [36m50.34 kB[39m[2m | [22m
[32mchunk-ERFJ33RW.js[39m  [2m | [22m[2mcustomers-page[22m            [2m | [22m [36m41.77 kB[39m[2m | [22m
[32mchunk-NDSD722W.js[39m  [2m | [22m[2m-[22m                         [2m | [22m [36m36.87 kB[39m[2m | [22m
[32mchunk-T4ZT2KUR.js[39m  [2m | [22m[2mentity-manager-page[22m       [2m | [22m [36m35.86 kB[39m[2m | [22m
[32mchunk-236JV42X.js[39m  [2m | [22m[2mapp-shell-component[22m       [2m | [22m [36m21.84 kB[39m[2m | [22m
[32mchunk-Q3GBRBOP.js[39m  [2m | [22m[2mdesign-system-gallery-page[22m[2m | [22m [36m21.51 kB[39m[2m | [22m
[32mchunk-DDBE2ZJJ.js[39m  [2m | [22m[2m-[22m                         [2m | [22m [36m21.23 kB[39m[2m | [22m
[32mchunk-T4GIS4CM.js[39m  [2m | [22m[2mdashboard-page[22m            [2m | [22m [36m20.78 kB[39m[2m | [22m
[32mchunk-XDI2Q5PJ.js[39m  [2m | [22m[2mlogin-page[22m                [2m | [22m [36m18.57 kB[39m[2m | [22m
[32mchunk-IWJR2ELW.js[39m  [2m | [22m[2m-[22m                         [2m | [22m [36m14.51 kB[39m[2m | [22m
[32mchunk-MKAKGQ3M.js[39m  [2m | [22m[2mmasters-hub-page[22m          [2m | [22m  [36m8.39 kB[39m[2m | [22m
[32mchunk-UPN7RY7K.js[39m  [2m | [22m[2m-[22m                         [2m | [22m  [36m8.20 kB[39m[2m | [22m
[32mchunk-YDUPBXPK.js[39m  [2m | [22m[2m-[22m                         [2m | [22m  [36m7.68 kB[39m[2m | [22m
[2m...and 12 more lazy chunks files. Use "--verbose" to show all the files.[22m

Application bundle generation complete. [0.495 seconds] - 2026-08-11T06:10:14.702Z

Page reload sent to client(s).
[33m>[39m Changes detected. Rebuilding...
[32m√[39m Changes detected. Rebuilding...
[1mInitial chunk files[22m[2m | [22m[1mNames[22m            [2m | [22m [1mRaw size[22m
[32mmain.js[39m            [2m | [22m[2mmain[22m             [2m | [22m [36m11.56 kB[39m[2m | [22m

[1mLazy chunk files[22m   [2m | [22m[1mNames[22m            [2m | [22m [1mRaw size[22m
[32mchunk-FX22GRJB.js[39m  [2m | [22m[2moperations-routes[22m[2m | [22m[36m223.23 kB[39m[2m | [22m

Application bundle generation complete. [0.565 seconds] - 2026-08-11T06:15:42.441Z

Component update sent to client(s).
[33m>[39m Changes detected. Rebuilding...
[32m√[39m Changes detected. Rebuilding...
[1mInitial chunk files[22m[2m | [22m[1mNames[22m            [2m | [22m [1mRaw size[22m
[32mmain.js[39m            [2m | [22m[2mmain[22m             [2m | [22m [36m11.56 kB[39m[2m | [22m

[1mLazy chunk files[22m   [2m | [22m[1mNames[22m            [2m | [22m [1mRaw size[22m
[32mchunk-S74QJQLG.js[39m  [2m | [22m[2moperations-routes[22m[2m | [22m[36m222.85 kB[39m[2m | [22m

Application bundle generation complete. [0.554 seconds] - 2026-08-11T06:15:43.465Z

Component update sent to client(s).
[33m>[39m Changes detected. Rebuilding...
[32m√[39m Changes detected. Rebuilding...
Application bundle generation failed. [0.646 seconds] - 2026-08-11T06:21:11.494Z

[33m>[39m Changes detected. Rebuilding...
[32m√[39m Changes detected. Rebuilding...
Application bundle generation failed. [0.003 seconds] - 2026-08-11T06:21:11.950Z

[33m>[39m Changes detected. Rebuilding...
[32m√[39m Changes detected. Rebuilding...
Application bundle generation failed. [0.561 seconds] - 2026-08-11T06:21:13.759Z

[33m>[39m Changes detected. Rebuilding...
[32m√[39m Changes detected. Rebuilding...
Application bundle generation failed. [0.001 seconds] - 2026-08-11T06:21:14.232Z

[33m>[39m Changes detected. Rebuilding...
[32m√[39m Changes detected. Rebuilding...
Application bundle generation failed. [0.002 seconds] - 2026-08-11T06:21:23.651Z

[33m>[39m Changes detected. Rebuilding...
[32m√[39m Changes detected. Rebuilding...
Application bundle generation failed. [0.001 seconds] - 2026-08-11T06:22:59.480Z

